// Jest Snapshot v1, https://goo.gl/fbAQLP

exports[`renders empty block with react proptype error 1`] = `""`;
